// Jest Snapshot v1, https://goo.gl/fbAQLP

exports[`Button component 
  appearance: "alert", disabled: true
 1`] = `
<button
  className="Button Button--regular Button--alert Button--iconAlign-left"
  disabled={true}
  tabIndex={0}
>
  Button
</button>
`;

exports[`Button component 
  appearance: "alert", expanded: false
 1`] = `
<button
  className="Button Button--regular Button--alert Button--iconAlign-left"
  tabIndex={0}
>
  Button
</button>
`;

exports[`Button component 
  appearance: "alert", expanded: true
 1`] = `
<button
  className="Button Button--expanded Button--regular Button--alert Button--iconAlign-left"
  tabIndex={0}
>
  Button
</button>
`;

exports[`Button component 
  appearance: "alert", loading: true
 1`] = `
<button
  className="Button Button--regular Button--alert Button--iconAlign-left"
  disabled={true}
  tabIndex={0}
>
  <span
    className="Button-spinner Button-spinner--left"
  >
    <Spinner
      appearance="white"
      size="small"
    />
  </span>
  Button
</button>
`;

exports[`Button component 
  appearance: "alert", selected: true
 1`] = `
<button
  className="Button Button--regular Button--alert Button--iconAlign-left"
  tabIndex={0}
>
  Button
</button>
`;

exports[`Button component 
  appearance: "basic", disabled: true
 1`] = `
<button
  className="Button Button--regular Button--basic Button--iconAlign-left"
  disabled={true}
  tabIndex={0}
>
  Button
</button>
`;

exports[`Button component 
  appearance: "basic", expanded: false
 1`] = `
<button
  className="Button Button--regular Button--basic Button--iconAlign-left"
  tabIndex={0}
>
  Button
</button>
`;

exports[`Button component 
  appearance: "basic", expanded: true
 1`] = `
<button
  className="Button Button--expanded Button--regular Button--basic Button--iconAlign-left"
  tabIndex={0}
>
  Button
</button>
`;

exports[`Button component 
  appearance: "basic", loading: true
 1`] = `
<button
  className="Button Button--regular Button--basic Button--iconAlign-left"
  disabled={true}
  tabIndex={0}
>
  <span
    className="Button-spinner Button-spinner--left"
  >
    <Spinner
      appearance="secondary"
      size="small"
    />
  </span>
  Button
</button>
`;

exports[`Button component 
  appearance: "basic", selected: true
 1`] = `
<button
  className="Button Button--regular Button--basic Button--selected Button--iconAlign-left"
  tabIndex={0}
>
  Button
</button>
`;

exports[`Button component 
  appearance: "primary", disabled: true
 1`] = `
<button
  className="Button Button--regular Button--primary Button--iconAlign-left"
  disabled={true}
  tabIndex={0}
>
  Button
</button>
`;

exports[`Button component 
  appearance: "primary", expanded: false
 1`] = `
<button
  className="Button Button--regular Button--primary Button--iconAlign-left"
  tabIndex={0}
>
  Button
</button>
`;

exports[`Button component 
  appearance: "primary", expanded: true
 1`] = `
<button
  className="Button Button--expanded Button--regular Button--primary Button--iconAlign-left"
  tabIndex={0}
>
  Button
</button>
`;

exports[`Button component 
  appearance: "primary", loading: true
 1`] = `
<button
  className="Button Button--regular Button--primary Button--iconAlign-left"
  disabled={true}
  tabIndex={0}
>
  <span
    className="Button-spinner Button-spinner--left"
  >
    <Spinner
      appearance="white"
      size="small"
    />
  </span>
  Button
</button>
`;

exports[`Button component 
  appearance: "primary", selected: true
 1`] = `
<button
  className="Button Button--regular Button--primary Button--iconAlign-left"
  tabIndex={0}
>
  Button
</button>
`;

exports[`Button component 
  appearance: "success", disabled: true
 1`] = `
<button
  className="Button Button--regular Button--success Button--iconAlign-left"
  disabled={true}
  tabIndex={0}
>
  Button
</button>
`;

exports[`Button component 
  appearance: "success", expanded: false
 1`] = `
<button
  className="Button Button--regular Button--success Button--iconAlign-left"
  tabIndex={0}
>
  Button
</button>
`;

exports[`Button component 
  appearance: "success", expanded: true
 1`] = `
<button
  className="Button Button--expanded Button--regular Button--success Button--iconAlign-left"
  tabIndex={0}
>
  Button
</button>
`;

exports[`Button component 
  appearance: "success", loading: true
 1`] = `
<button
  className="Button Button--regular Button--success Button--iconAlign-left"
  disabled={true}
  tabIndex={0}
>
  <span
    className="Button-spinner Button-spinner--left"
  >
    <Spinner
      appearance="white"
      size="small"
    />
  </span>
  Button
</button>
`;

exports[`Button component 
  appearance: "success", selected: true
 1`] = `
<button
  className="Button Button--regular Button--success Button--iconAlign-left"
  tabIndex={0}
>
  Button
</button>
`;

exports[`Button component 
  appearance: "transparent", disabled: true
 1`] = `
<button
  className="Button Button--regular Button--transparent Button--iconAlign-left"
  disabled={true}
  tabIndex={0}
>
  Button
</button>
`;

exports[`Button component 
  appearance: "transparent", expanded: false
 1`] = `
<button
  className="Button Button--regular Button--transparent Button--iconAlign-left"
  tabIndex={0}
>
  Button
</button>
`;

exports[`Button component 
  appearance: "transparent", expanded: true
 1`] = `
<button
  className="Button Button--expanded Button--regular Button--transparent Button--iconAlign-left"
  tabIndex={0}
>
  Button
</button>
`;

exports[`Button component 
  appearance: "transparent", loading: true
 1`] = `
<button
  className="Button Button--regular Button--transparent Button--iconAlign-left"
  disabled={true}
  tabIndex={0}
>
  <span
    className="Button-spinner Button-spinner--left"
  >
    <Spinner
      appearance="secondary"
      size="small"
    />
  </span>
  Button
</button>
`;

exports[`Button component 
  appearance: "transparent", selected: true
 1`] = `
<button
  className="Button Button--regular Button--transparent Button--selected Button--iconAlign-left"
  tabIndex={0}
>
  Button
</button>
`;

exports[`Button component 
  size: "large"
 1`] = `
<button
  className="Button Button--large Button--basic Button--iconAlign-left"
  tabIndex={0}
>
  Button
</button>
`;

exports[`Button component 
  size: "large", icon: "events", iconAlign: "left"
 1`] = `
<button
  className="Button Button--large Button--basic Button--iconAlign-left"
  tabIndex={0}
>
  <div
    className="Button-icon Button-icon--left"
  >
    <Icon
      appearance="default"
      name="events"
      size={20}
    />
  </div>
  Button
</button>
`;

exports[`Button component 
  size: "large", icon: "events", iconAlign: "right"
 1`] = `
<button
  className="Button Button--large Button--basic Button--iconAlign-right"
  tabIndex={0}
>
  <div
    className="Button-icon Button-icon--right"
  >
    <Icon
      appearance="default"
      name="events"
      size={20}
    />
  </div>
  Button
</button>
`;

exports[`Button component 
  size: "regular"
 1`] = `
<button
  className="Button Button--regular Button--basic Button--iconAlign-left"
  tabIndex={0}
>
  Button
</button>
`;

exports[`Button component 
  size: "regular", icon: "events", iconAlign: "left"
 1`] = `
<button
  className="Button Button--regular Button--basic Button--iconAlign-left"
  tabIndex={0}
>
  <div
    className="Button-icon Button-icon--left"
  >
    <Icon
      appearance="default"
      name="events"
      size={16}
    />
  </div>
  Button
</button>
`;

exports[`Button component 
  size: "regular", icon: "events", iconAlign: "right"
 1`] = `
<button
  className="Button Button--regular Button--basic Button--iconAlign-right"
  tabIndex={0}
>
  <div
    className="Button-icon Button-icon--right"
  >
    <Icon
      appearance="default"
      name="events"
      size={16}
    />
  </div>
  Button
</button>
`;

exports[`Button component 
  size: "tiny"
 1`] = `
<button
  className="Button Button--tiny Button--basic Button--iconAlign-left"
  tabIndex={0}
>
  Button
</button>
`;

exports[`Button component 
  size: "tiny", icon: "events", iconAlign: "left"
 1`] = `
<button
  className="Button Button--tiny Button--basic Button--iconAlign-left"
  tabIndex={0}
>
  <div
    className="Button-icon Button-icon--left"
  >
    <Icon
      appearance="default"
      name="events"
      size={12}
    />
  </div>
  Button
</button>
`;

exports[`Button component 
  size: "tiny", icon: "events", iconAlign: "right"
 1`] = `
<button
  className="Button Button--tiny Button--basic Button--iconAlign-right"
  tabIndex={0}
>
  <div
    className="Button-icon Button-icon--right"
  >
    <Icon
      appearance="default"
      name="events"
      size={12}
    />
  </div>
  Button
</button>
`;

exports[`Button component 
  type: "button"
 1`] = `
<button
  className="Button Button--regular Button--basic Button--iconAlign-left"
  tabIndex={0}
  type="button"
>
  Button
</button>
`;

exports[`Button component 
  type: "reset"
 1`] = `
<button
  className="Button Button--regular Button--basic Button--iconAlign-left"
  tabIndex={0}
  type="reset"
>
  Button
</button>
`;

exports[`Button component 
  type: "submit"
 1`] = `
<button
  className="Button Button--regular Button--basic Button--iconAlign-left"
  tabIndex={0}
  type="submit"
>
  Button
</button>
`;

exports[`Button component with no children 
  appearance: "alert", loading: true
 1`] = `
<button
  className="Button Button--regular Button--regularSquare Button--alert"
  disabled={true}
  tabIndex={0}
>
  <span
    className="Button-spinner"
  >
    <Spinner
      appearance="white"
      size="small"
    />
  </span>
</button>
`;

exports[`Button component with no children 
  appearance: "basic", loading: true
 1`] = `
<button
  className="Button Button--regular Button--regularSquare Button--basic"
  disabled={true}
  tabIndex={0}
>
  <span
    className="Button-spinner"
  >
    <Spinner
      appearance="secondary"
      size="small"
    />
  </span>
</button>
`;

exports[`Button component with no children 
  appearance: "primary", loading: true
 1`] = `
<button
  className="Button Button--regular Button--regularSquare Button--primary"
  disabled={true}
  tabIndex={0}
>
  <span
    className="Button-spinner"
  >
    <Spinner
      appearance="white"
      size="small"
    />
  </span>
</button>
`;

exports[`Button component with no children 
  appearance: "success", loading: true
 1`] = `
<button
  className="Button Button--regular Button--regularSquare Button--success"
  disabled={true}
  tabIndex={0}
>
  <span
    className="Button-spinner"
  >
    <Spinner
      appearance="white"
      size="small"
    />
  </span>
</button>
`;

exports[`Button component with no children 
  appearance: "transparent", loading: true
 1`] = `
<button
  className="Button Button--regular Button--regularSquare Button--transparent"
  disabled={true}
  tabIndex={0}
>
  <span
    className="Button-spinner"
  >
    <Spinner
      appearance="secondary"
      size="small"
    />
  </span>
</button>
`;
